# 硬盘管理

## RAID5配置

### 准备

* 三块以上的硬盘

  因为RAID5的原理，需要3块以上的硬盘才能真正有冗余效果。

* mdadm

  系统管理软件

### 1.创建硬盘分区

我们需要将硬盘创建分区后才能设置raid，所以首先我们用*fdisk*来创建硬盘分区。

首先确认一下硬盘状态。

```shell
# 查看硬盘
------------------------------------------------------------
~ » sudo fdisk -l /dev/sd[c-e]
Disk /dev/sdc: 8 GiB, 8589934592 bytes, 16777216 sectors
Units: sectors of 1 * 512 = 512 bytes
Sector size (logical/physical): 512 bytes / 512 bytes
I/O size (minimum/optimal): 512 bytes / 512 bytes
Disklabel type: dos
Disk identifier: 0xa982a2d7


Disk /dev/sdd: 8 GiB, 8589934592 bytes, 16777216 sectors
Units: sectors of 1 * 512 = 512 bytes
Sector size (logical/physical): 512 bytes / 512 bytes
I/O size (minimum/optimal): 512 bytes / 512 bytes
Disklabel type: dos
Disk identifier: 0xea74dea3


Disk /dev/sde: 8 GiB, 8589934592 bytes, 16777216 sectors
Units: sectors of 1 * 512 = 512 bytes
Sector size (logical/physical): 512 bytes / 512 bytes
I/O size (minimum/optimal): 512 bytes / 512 bytes
Disklabel type: dos
Disk identifier: 0x39d79c4e
```

看到硬盘状态不错，我们开始对硬盘进行分区。

```bash
------------------------------------------------------------
~ » sudo fdisk /dev/sdc    # 用fdisk对sdc进行操作

Welcome to fdisk (util-linux 2.29.2).
Changes will remain in memory only, until you decide to write them.
Be careful before using the write command.


Command (m for help): n    # 创建新分区
Partition type
   p   primary (0 primary, 0 extended, 4 free)
   e   extended (container for logical partitions)
Select (default p):

# 因为使用全部的硬盘大小，所以这里都默认，如果需要自行调整
Using default response p.
Partition number (1-4, default 1):
First sector (2048-16777215, default 2048):
Last sector, +sectors or +size{K,M,G,T,P} (2048-16777215, default 16777215):

# 创建分区成功
Created a new partition 1 of type 'Linux' and of size 8 GiB.
Partition #1 contains a linux_raid_member signature.

# 设置分区类型
Command (m for help): t
Selected partition 1
Partition type (type L to list all types): fd    # 类型fd是linux自动raid类型
Changed type of partition 'Linux' to 'Linux raid autodetect'.

# 设置完成后，查看分区表，检查是否设置完成
Command (m for help): p
Disk /dev/sdc: 8 GiB, 8589934592 bytes, 16777216 sectors
Units: sectors of 1 * 512 = 512 bytes
Sector size (logical/physical): 512 bytes / 512 bytes
I/O size (minimum/optimal): 512 bytes / 512 bytes
Disklabel type: dos
Disk identifier: 0xa982a2d7

Device     Boot Start      End  Sectors Size Id Type
/dev/sdc1        2048 16777215 16775168   8G fd Linux raid autodetect

# 确认无误后，将刚才的操作写入硬盘
Command (m for help): w
The partition table has been altered.
```

在成功对所有要进行raid的硬盘分区后，我们确认一下。

```shell
------------------------------------------------------------
~ » sudo fdisk -l /dev/sd[c-e]                                                                   ray@debian
Disk /dev/sdc: 8 GiB, 8589934592 bytes, 16777216 sectors
Units: sectors of 1 * 512 = 512 bytes
Sector size (logical/physical): 512 bytes / 512 bytes
I/O size (minimum/optimal): 512 bytes / 512 bytes
Disklabel type: dos
Disk identifier: 0xa982a2d7

Device     Boot Start      End  Sectors Size Id Type
/dev/sdc1        2048 16777215 16775168   8G fd Linux raid autodetect


Disk /dev/sdd: 8 GiB, 8589934592 bytes, 16777216 sectors
Units: sectors of 1 * 512 = 512 bytes
Sector size (logical/physical): 512 bytes / 512 bytes
I/O size (minimum/optimal): 512 bytes / 512 bytes
Disklabel type: dos
Disk identifier: 0xea74dea3

Device     Boot Start      End  Sectors Size Id Type
/dev/sdd1        2048 16777215 16775168   8G fd Linux raid autodetect


Disk /dev/sde: 8 GiB, 8589934592 bytes, 16777216 sectors
Units: sectors of 1 * 512 = 512 bytes
Sector size (logical/physical): 512 bytes / 512 bytes
I/O size (minimum/optimal): 512 bytes / 512 bytes
Disklabel type: dos
Disk identifier: 0x39d79c4e

Device     Boot Start      End  Sectors Size Id Type
/dev/sde1        2048 16777215 16775168   8G fd Linux raid autodetect
```

给硬盘分区就到这里，接下来我们要进行raid创建。

### 2.RAID创建

```shell
------------------------------------------------------------
~ » sudo mdadm --create --auto=yes /dev/md0 --level=5 --raid-devices=3 /dev/sd[c-e]1                      ray@debian
[sudo] password for ray:
mdadm: Defaulting to version 1.2 metadata
mdadm: array /dev/md0 started.

参数：
--create    #表示要创建raid
-auto=yes /dev/md0   #新建立的软件磁盘阵列设备为md0，md序号可以为0-9
--level=5   #磁盘阵列的等级，这里表示创建是的raid5
--raid-devices     #添加作为磁盘阵列用的磁盘的块数
--spare-devices   #添加作为预备（spare）磁盘的块数
/dev/sd[c-e]1   #磁盘阵列所使用的设备，还可写成/dev/sdc1  /dev/sdd1  /dev/sde1  
```

如上所述，创建raid就这么简单，接下来我们要检查配置的怎么样。

```shell
------------------------------------------------------------
~ » cat /proc/mdstat      # 查看RAID的配置文件
Personalities : [linear] [multipath] [raid0] [raid1] [raid6] [raid5] [raid4] [raid10]
md0 : active raid5 sde1[3] sdd1[1] sdc1[0]
      16766976 blocks super 1.2 level 5, 512k chunk, algorithm 2 [3/3] [UUU]

unused devices: <none>
------------------------------------------------------------
~ » sudo mdadm -D /dev/md0     # 查看RAID配置文件详细信息
/dev/md0:
        Version : 1.2
  Creation Time : Sat Feb  1 15:25:40 2020
     Raid Level : raid5     #阵列类型为raid5
     Array Size : 16766976 (15.99 GiB 17.17 GB)
  Used Dev Size : 8383488 (8.00 GiB 8.58 GB)
   Raid Devices : 3
  Total Devices : 3
    Persistence : Superblock is persistent

    Update Time : Sat Feb  1 15:26:55 2020
          State : clean
 Active Devices : 3         # 活跃的磁盘数目
Working Devices : 3         # 所有的磁盘数目
 Failed Devices : 0         # 故障的磁盘数目
  Spare Devices : 0         # 热备份的磁盘数目

         Layout : left-symmetric
     Chunk Size : 512K

           Name : debian:0  (local to host debian)
           UUID : 9eebaa4e:695c3217:dcd8dd10:77651966
         Events : 18

    Number   Major   Minor   RaidDevice State
       0       8       33        0      active sync   /dev/sdc1
       1       8       49        1      active sync   /dev/sdd1
       3       8       65        2      active sync   /dev/sde1
```

完成，riad创建后只需要挂载和格式化以后就可以使用了。

### 3.保存RAID的配置

```shell
mdadm --detail --scan --verbose >> /etc/mdadm.conf
```

将当前的raid配置都保存到文件中，这样就不会变成随机数字。

### 一些管理命令

#### 改变raid大小

```shell
# mdadm --grow <raid的虚拟硬件> --array-size <目标的大小>
mdadm --grow /dev/md0 --array-size 10475520
```

#### 改变raid硬盘数目

```shell
# mdadm --grow <raid的虚拟硬件> -n <目标的硬盘数>
mdadm --grow /dev/md0 -n 6
```

#### 添加硬盘

```shell
mdadm --manage /dev/md0 --add /dev/sdf1
```

删除raid

```shell
mdadm /dev/md0 --fail /dev/sdc1 --remove /dev/sdc1
mdadm --stop /dev/md0
mdadm --remove /dev/md0
```





































